[['10.47.174.254', 'FJFZ-WS-CORE-CLOUD-C05-S9310-1', '2102114926P0J7000002'], ['10.47.146.34', 'FJFZ-WS-CORE-C03/C04-H3C7610', '210235A1YFX178000020'], ['10.47.146.125', 'FJFZ-WS-CORE-CLOUD-C06-S9310-2', '2102114926P0J7000004'], ['10.47.146.1', 'FJFZ-WS-CORE-C01-E8000E-1', '210235G6QD10H5000079'], ['10.47.146.74', 'FJFZ-RJY-CORE-D05/D06-H3C7610', '210235A1YFX178000006'], ['10.47.146.53', 'FJFZ-WS-PC-C08-E8KE-1', '210235G6QD10JB000036'], ['10.47.146.25', 'FJFZ-WS-CORE-MANAGER-C03-S9306-1', '21021130906THB900495'], ['10.47.146.77', 'FJFZ-WS-WAIBU-C08-E8000E-1', '210235G6QD10JB000033'], ['10.47.146.81', 'FJFZ-WS-WAIBU-C09-E8000E-2', '210235G6QD10JB000034'], ['10.47.146.57', 'FJFZ-WS-PC-C09-E8KE-2', '210235G6QD10JB000035'], ['10.47.146.174', None, None], ['10.47.146.62', None, None], ['172.31.14.25', None, None], ['172.31.14.26', None, None], ['10.46.77.244', None, None], ['192.168.254.253', None, None], ['10.46.127.5', 'FJFZ-RJY-PC-D02-E8000E-2', '210235G6QD10H5000087'], ['10.47.146.45', 'FJFZ-RJY-CORE-CLOUD-D06-S9310-2', '2102114926P0J7000001'], ['10.47.146.41', 'FJFZ-RJY-CORE-CLOUD-D05-S9310-1', '2102114926P0J7000006'], ['10.46.127.113', 'FJFZ-RJY-CORE-VSAN-D01-S9306-1', '21021130906TH9900505'], ['10.46.127.1', 'FJFZ-RJY-PC-D01-E8000E-1', '210235G6QD10H5000080'], ['10.46.127.21', 'FJFZ-RJY-E01-TSM-E1000E-1', '210235G7B710E8000015'], ['10.46.127.53', 'FJFZ-RJY-E02-TSM-E1000E-2', '210235G6JA10F6000039'], ['10.46.127.117', 'FJFZ-RJY-CORE-VSAN-D02-S9306-2', '21021130906TJ6900091'], ['1.1.1.1', None, None], ['10.47.146.217', 'FJFZ-YBXT-SW01-S6220', None], ['10.47.146.221', 'FJFZ-YBXT-SW02-S6220', None], ['10.47.126.161', None, None], ['10.47.126.165', None, None], ['10.46.127.14', 'FJFZ-WS-PC-B01-S9306_1', '21021130906TDA900148'], ['10.47.146.210', None, None], ['10.47.146.182', None, None], ['192.168.0.1', None, None], ['10.46.77.250', 'FJFZ-WS-CORE-MANAGER-C04-S9306-2', '21021130906THB900388'], ['192.168.3.252', None, None], ['192.168.5.252', None, None], ['192.168.6.252', None, None], ['10.47.146.185', None, None], ['192.168.254.253', None, None], ['10.47.146.189', None, None], ['10.47.146.190', None, None], ['192.168.254.254', None, None], ['10.46.127.18', 'FJFZ-WS-PC-B02-S9306_2', '21021130906TDA900165'], ['10.47.146.214', None, None], ['10.47.146.182', None, None], ['10.47.146.237', None, None], ['192.168.0.2', None, None], ['10.46.77.226', 'FJFZ-RJY-D08-PC-HJ-NE40E_2', '2102350RHQ10J6000061'], ['192.168.254.254', None, None], ['10.46.77.222', 'FJFZ-RJY-D07-PC-HJ-NE40E_1', '2102350RHQ10J6000060'], ['10.46.77.221', None, None], ['192.168.253.14', None, None], ['192.168.253.13', None, None], ['192.168.254.253', None, None], ['172.20.25.99', 'FJFZ-YBXT-SW02-S6220', None], ['172.20.25.98', 'FJFZ-YBXT-SW01-S6220', None], ['10.46.127.69', 'FJFZ-WS-B01-TSM-E1000E-1', '210235G6JA10EA000022'], ['10.46.127.89', 'FJFZ-WS-B02-TSM-E1000E-2', '210235G6JA10F3000011'], ['10.46.177.123', None, None], ['10.46.178.248', None, None], ['10.46.178.249', None, None], ['10.46.70.123', None, None], ['10.46.70.122', None, None], ['10.46.70.121', None, None], ['10.46.179.121', None, None], ['10.46.179.122', None, None], ['10.46.179.123', None, None], ['10.46.45.116', None, None], ['10.46.45.122', None, None], ['10.46.45.121', None, None], ['10.46.45.120', None, None], ['10.46.46.123', None, None], ['10.46.46.122', None, None], ['10.46.46.121', None, None], ['10.46.46.120', None, None], ['10.46.92.251', None, None], ['10.46.92.250', None, None], ['10.46.92.247', None, None], ['10.46.92.123', None, None], ['10.46.92.122', None, None], ['10.46.48.62', None, None], ['10.46.179.119', None, None], ['10.46.179.120', None, None], ['10.46.45.119', None, None], ['10.46.45.118', None, None], ['10.46.46.118', None, None], ['10.46.46.119', None, None], ['10.46.48.58', None, None], ['10.46.48.59', None, None], ['10.46.92.248', None, None], ['10.46.92.249', None, None], ['10.46.177.122', None, None], ['10.46.177.121', None, None], ['10.46.178.250', None, None], ['10.46.178.251', None, None], ['10.46.48.57', None, None], ['192.168.3.253', None, None], ['192.168.5.253', None, None], ['192.168.6.253', None, None], ['10.46.177.123', None, None], ['10.46.178.248', None, None], ['10.46.178.249', None, None], ['10.46.70.123', None, None], ['10.46.70.122', None, None], ['10.46.70.121', None, None], ['10.46.179.121', None, None], ['10.46.179.122', None, None], ['10.46.179.123', None, None], ['10.46.45.116', None, None], ['10.46.45.122', None, None], ['10.46.45.121', None, None], ['10.46.45.120', None, None], ['10.46.46.123', None, None], ['10.46.46.122', None, None], ['10.46.46.121', None, None], ['10.46.46.120', None, None], ['10.46.92.251', None, None], ['10.46.92.250', None, None], ['10.46.92.247', None, None], ['10.46.92.123', None, None], ['10.46.92.122', None, None], ['10.46.48.62', None, None], ['10.46.179.119', None, None], ['10.46.179.120', None, None], ['10.46.45.119', None, None], ['10.46.45.118', None, None], ['10.46.46.118', None, None], ['10.46.46.119', None, None], ['10.46.48.58', None, None], ['10.46.48.59', None, None], ['10.46.92.248', None, None], ['10.46.92.249', None, None], ['10.46.177.122', None, None], ['10.46.177.121', None, None], ['10.46.178.250', None, None], ['10.46.178.251', None, None], ['10.46.48.57', None, None], ['10.46.73.213', 'FJFZ-RJY-PC-2F-JR-5952-6', 'No Such Instance currently exists at this OID'], ['10.46.72.186', None, None], ['10.46.72.187', None, None], ['10.46.73.210', None, None], ['10.46.73.211', None, None], ['10.46.73.212', None, None], ['10.46.73.214', None, None], ['10.46.73.215', None, None], ['10.46.73.216', None, None], ['10.46.73.217', None, None], ['10.46.72.125', None, None], ['10.46.72.189', None, None], ['10.46.73.125', None, None], ['10.46.73.253', None, None], ['10.46.74.125', None, None], ['10.46.74.253', None, None], ['10.46.75.125', None, None], ['10.46.76.125', None, None], ['10.46.179.250', None, None], ['10.46.179.251', None, None], ['10.46.72.184', None, None], ['10.46.72.185', None, None], ['10.46.73.250', None, None], ['10.46.73.251', None, None], ['10.46.78.125', None, None], ['10.46.127.189', None, None], ['10.46.77.221', None, None], ['10.46.72.186', None, None], ['10.46.72.187', None, None], ['10.46.73.210', None, None], ['10.46.73.211', None, None], ['10.46.73.212', None, None], ['10.46.73.214', None, None], ['10.46.73.215', None, None], ['10.46.73.216', None, None], ['10.46.73.217', None, None], ['10.46.72.124', None, None], ['10.46.72.188', None, None], ['10.46.73.124', None, None], ['10.46.73.252', None, None], ['10.46.74.124', None, None], ['10.46.74.252', None, None], ['10.46.76.124', None, None], ['10.46.179.250', None, None], ['10.46.179.251', None, None], ['10.46.72.184', None, None], ['10.46.72.185', None, None], ['10.46.73.250', None, None], ['10.46.73.251', None, None], ['10.46.78.124', None, None], ['10.46.127.188', None, None], ['10.46.179.252', None, None], ['172.20.25.98', 'FJFZ-YBXT-SW01-S6220', None], ['172.20.25.99', 'FJFZ-YBXT-SW02-S6220', None], ['3.3.3.1', None, None], ['3.3.3.2', None, None]]